STATUS: FINN+ installed without extra package notebooks. (Default for pip-based 
installations)
STATUS: FINN+ installed without extra package tests. (Default for pip-based 
installations)
STATUS: Starting FINN build with config 
build_gtsrb_12x12_w2a3_c12x24x36_fps800000.yaml and model 
gtsrb_12x12_w2a3_c12x24x36.onnx!
STATUS: [SETTINGS FILE]                  
/home/neuralnetwork01/.finn/settings.yaml          
STATUS: [FINN BUILD DIRECTORY]           
/home/neuralnetwork01/Schreibtisch/s7s/nn/task4/FINN_TMP
STATUS: [DEPENDENCY PATH]                
/home/neuralnetwork01/miniconda3/envs/nnlab/lib/python3.11/site-packages/finn_de
ps
STATUS: [DEPENDENCY DEFINITIONS PATH]    
/home/neuralnetwork01/miniconda3/envs/nnlab/lib/python3.11/site-packages/externa
l_dependencies.yaml
STATUS: [NUM WORKERS]                    9                                      
                               Dependency Updates                               
                                                                                
     Dependency            Dependency Type                   Status             
 ────────────────────────────────────────────────────────────────────────────── 
       pynq-z1                  Data                   Finished updating.       
      finn_xsi                 Custom                  Finished updating.       
                                                                                
                               Installed: 2 / 2.                                          ╭──────────────────────────────────────────────────────────╮          
          │             Installed 2 dependencies in 1s.              │          
          │ (Skipped 10 dependencies due to existing installations.) │          
          ╰──────────────────────────────────────────────────────────╯          
STATUS: Loading finn_xsi from 
/home/neuralnetwork01/miniconda3/envs/nnlab/lib/python3.11/site-packages/finn_xs
i
WARNING: PLATFORM_REPO_PATHS is not set and the default path does not exist. 
Synthesis might fail.
STATUS: Setting XILINX_LOCAL_USER_DATA=no to avoid possible issues. To overwrite
this behaviour, set the variable manually before starting FINN.
STATUS: FINN+ installed without extra package notebooks. (Default for pip-based 
installations)
STATUS: FINN+ installed without extra package tests. (Default for pip-based 
installations)
STATUS: Creating dataflow build config...
STATUS: Output directory is 
/home/neuralnetwork01/Schreibtisch/s7s/nn/task4/finn_out/12x12_w2a3_c12x24x36/ou
tputs/output_800000
─ Running FINN with config build_gtsrb_12x12_w2a3_c12x24x36_fps800000.yaml on… ─
[W731 10:26:23.312698381 export.cpp:595] Warning: Custom opset domain: 'qonnx.custom_op.general' provided is not used in the model. Please verify custom opset domain names. (function GraphEncoder)
[2026-07-31 10:26:20] Intermediate outputs will be generated in /home/neuralnetwork01/Schreibtisch/s7s/nn/task4/FINN_TMP
[2026-07-31 10:26:20] Final outputs will be generated in /home/neuralnetwork01/Schreibtisch/s7s/nn/task4/finn_out/12x12_w2a3_c12x24x36/outputs/output_800000
[2026-07-31 10:26:20] Build log is at /home/neuralnetwork01/Schreibtisch/s7s/nn/task4/finn_out/12x12_w2a3_c12x24x36/outputs/output_800000/build_dataflow.log
[2026-07-31 10:26:20] Building dataflow accelerator from /home/neuralnetwork01/Schreibtisch/s7s/nn/task4/models/gtsrb_12x12_w2a3_c12x24x36.onnx
[2026-07-31 10:26:23] Running step: step_qonnx_to_finn [1/19]
[2026-07-31 10:26:23] Running step: step_transform_input [2/19]
[2026-07-31 10:26:23] Running step: step_tidy_up [3/19]
[2026-07-31 10:26:23] Running step: step_streamline [4/19]
[2026-07-31 10:26:25] Running step: step_convert_to_hw [5/19]
[2026-07-31 10:26:25] Running step: step_create_dataflow_partition [6/19]
[2026-07-31 10:26:25] Running step: step_specialize_layers [7/19]
[2026-07-31 10:26:25] Running step: step_target_fps_parallelization [8/19]
[2026-07-31 10:26:25] Running step: step_apply_folding_config [9/19]
[2026-07-31 10:26:25] Running step: step_generate_estimate_reports [10/19]
[2026-07-31 10:26:25] Running step: step_hw_codegen [11/19]
[2026-07-31 10:26:26] Running step: step_hw_ipgen [12/19]
[2026-07-31 10:27:25] Running step: step_insert_dwc [13/19]
[2026-07-31 10:27:25] Running step: step_set_fifo_depths [14/19]
[2026-07-31 10:30:00] Running step: step_create_stitched_ip [15/19]
[2026-07-31 10:31:51] Running step: step_measure_rtlsim_performance [16/19]
[2026-07-31 10:34:16] Running step: step_out_of_context_synthesis [17/19]
[2026-07-31 10:34:16] Running step: step_synthesize_bitfile [18/19]
[2026-07-31 10:49:09] Running step: step_make_driver [19/19]
