(nnlab) neuralnetwork01@i83labpc01:~/Schreibtisch/s7s/nn/task3/Task-3-data$ cat finn_log.txt
STATUS: FINN+ installed without extra package notebooks. (Default for pip-based installations)
STATUS: FINN+ installed without extra package tests. (Default for pip-based installations)
STATUS: Starting FINN build with config build.yaml and model tfc-w1a1-flattened.onnx!
STATUS: [SETTINGS FILE]                  /home/neuralnetwork01/.finn/settings.yaml          
STATUS: [FINN BUILD DIRECTORY]           /home/neuralnetwork01/Schreibtisch/s7s/nn/task3/Task-3-data/FINN_TMP
STATUS: [DEPENDENCY PATH]                /home/neuralnetwork01/miniconda3/envs/nnlab/lib/python3.11/site-packages/finn_deps
STATUS: [DEPENDENCY DEFINITIONS PATH]    /home/neuralnetwork01/miniconda3/envs/nnlab/lib/python3.11/site-packages/external_dependencies.yaml
STATUS: [NUM WORKERS]                    9                                                 
                                                                                   Dependency Updates                                                                                   
                                                                                                                                                                                        
                  Dependency                                           Dependency Type                                                          Status                                  
 ────────────────────────────────────────────────────────────────────────────────────────────────────────────────────────────────────────────────────────────────────────────────────── 
                    pynq-z1                                                 Data                                                          Finished updating.                            
                    pynq-z2                                                 Data                                                          Finished updating.                            
                   finn_xsi                                                Custom                                                         Finished updating.                            
                                                                                                                                                                                        
                                                                                   Installed: 3 / 3.                                                                                                                                                  ╭─────────────────────────────────────────────────────────╮                                                               
                                                              │             Installed 3 dependencies in 1s.             │                                                               
                                                              │ (Skipped 9 dependencies due to existing installations.) │                                                               
                                                              ╰─────────────────────────────────────────────────────────╯                                                               
STATUS: Loading finn_xsi from /home/neuralnetwork01/miniconda3/envs/nnlab/lib/python3.11/site-packages/finn_xsi
WARNING: PLATFORM_REPO_PATHS is not set and the default path does not exist. Synthesis might fail.
STATUS: Setting XILINX_LOCAL_USER_DATA=no to avoid possible issues. To overwrite this behaviour, set the variable manually before starting FINN.
STATUS: FINN+ installed without extra package notebooks. (Default for pip-based installations)
STATUS: FINN+ installed without extra package tests. (Default for pip-based installations)
STATUS: Creating dataflow build config...
STATUS: Output directory is /home/neuralnetwork01/Schreibtisch/s7s/nn/task3/Task-3-data/output_custom
───────────────────────────────────────────────────────── Running FINN with config build.yaml on model tfc-w1a1-flattened.onnx ─────────────────────────────────────────────────────────
[2026-08-02 00:21:39] Intermediate outputs will be generated in /home/neuralnetwork01/Schreibtisch/s7s/nn/task3/Task-3-data/FINN_TMP
[2026-08-02 00:21:39] Final outputs will be generated in /home/neuralnetwork01/Schreibtisch/s7s/nn/task3/Task-3-data/output_custom
[2026-08-02 00:21:39] Build log is at /home/neuralnetwork01/Schreibtisch/s7s/nn/task3/Task-3-data/output_custom/build_dataflow.log
[2026-08-02 00:21:39] Building dataflow accelerator from /home/neuralnetwork01/Schreibtisch/s7s/nn/task3/Task-3-data/models/tfc-w1a1-flattened.onnx
[2026-08-02 00:21:39] Running step: step_qonnx_to_finn [1/20]
[2026-08-02 00:21:39] Running step: step_tidy_up [2/20]
[2026-08-02 00:21:39] Running step: step_streamline [3/20]
[2026-08-02 00:21:41] Running step: step_convert_to_hw [4/20]
[2026-08-02 00:21:41] Running step: step_create_dataflow_partition [5/20]
[2026-08-02 00:21:41] Running step: step_specialize_layers [6/20]
[2026-08-02 00:21:41] Running step: step_target_fps_parallelization [7/20]
[2026-08-02 00:21:41] Running step: step_apply_folding_config [8/20]
[2026-08-02 00:21:41] Running step: step_minimize_bit_width [9/20]
[2026-08-02 00:21:41] Running step: step_transpose_decomposition [10/20]
[2026-08-02 00:21:41] Running step: step_generate_estimate_reports [11/20]
[2026-08-02 00:21:41] Running step: step_set_fifo_depths [12/20]
[2026-08-02 01:21:33] Running step: step_hw_codegen [13/20]
[2026-08-02 01:21:33] Running step: step_hw_ipgen [14/20]
[2026-08-02 01:21:34] Running step: step_create_stitched_ip [15/20]
[2026-08-02 01:22:25] Running step: step_measure_rtlsim_performance [16/20]
[2026-08-02 01:22:55] Running step: step_out_of_context_synthesis [17/20]
[2026-08-02 01:22:55] Running step: step_synthesize_bitfile [18/20]
[2026-08-02 01:39:16] Running step: step_make_driver [19/20]
[2026-08-02 01:39:16] Running step: step_deployment_package [20/20]
